Found 800 task files in tasks/
[1/800] 00576224: processed (0.02s)
[2/800] 007bbfb7: processed (0.11s)
[3/800] 009d5c81: processed (0.40s)
[4/800] 00d62c1b: processed (0.25s)
[5/800] 00dbd492: processed (0.19s)
[6/800] 017c7c7b: processed (0.05s)
[7/800] 025d127b: processed (0.43s)
[8/800] 03560426: processed (0.34s)
[9/800] 045e512c: processed (0.63s)
[10/800] 0520fde7: processed (0.01s)
[11/800] 05269061: processed (0.04s)
[12/800] 05a7bcf2: processed (0.64s)
[13/800] 05f2a901: Search error: index can't contain negative values
[13/800] 05f2a901: No program found (0.33s)
[14/800] 0607ce86: processed (0.70s)
[15/800] 0692e18c: processed (0.08s)
[16/800] 06df4c85: processed (0.33s)
[17/800] 070dd51e: Search error: index can't contain negative values
[17/800] 070dd51e: No program found (0.66s)
[18/800] 08573cc6: processed (0.41s)
[19/800] 08ed6ac7: processed (0.23s)
[20/800] 0934a4d8: processed (0.55s)
[21/800] 09629e4f: processed (0.67s)
[22/800] 0962bcdd: processed (0.35s)
[23/800] 09c534e7: processed (0.51s)
[24/800] 0a1d4ef5: processed (1.32s)
[25/800] 0a2355a6: processed (0.38s)
[26/800] 0a938d79: processed (0.24s)
[27/800] 0b148d64: processed (0.24s)
[28/800] 0b17323b: processed (0.37s)
[29/800] 0bb8deee: processed (0.63s)
[30/800] 0becf7df: processed (0.58s)
[31/800] 0c786b71: processed (0.08s)
[32/800] 0c9aba6e: processed (0.03s)
[33/800] 0ca9ddb6: processed (0.33s)
[34/800] 0d3d703e: processed (0.02s)
[35/800] 0d87d2a6: processed (0.32s)
[36/800] 0dfd9992: processed (0.51s)
[37/800] 0e206a2e: processed (0.58s)
[38/800] 0e671a1a: processed (0.45s)
[39/800] 0f63c0b9: processed (0.38s)
[40/800] 103eff5b: processed (0.64s)
[41/800] 10fcaaa3: processed (0.09s)
[42/800] 11852cab: processed (0.47s)
[43/800] 1190e5a7: processed (0.03s)
[44/800] 11e1fe23: processed (0.43s)
[45/800] 12422b43: processed (0.21s)
[46/800] 12997ef3: Search error: index can't contain negative values
[46/800] 12997ef3: No program found (0.34s)
[47/800] 12eac192: processed (0.59s)
[48/800] 136b0064: processed (0.15s)
[49/800] 13713586: processed (0.94s)
[50/800] 137eaa0f: processed (0.20s)
[51/800] 137f0df0: processed (0.29s)
[52/800] 140c817e: processed (0.03s)
[53/800] 14754a24: processed (0.48s)
[54/800] 150deff5: processed (0.08s)
[55/800] 15113be4: processed (0.93s)
[56/800] 15663ba9: processed (0.40s)
[57/800] 15696249: processed (0.21s)
[58/800] 16b78196: processed (0.68s)
[59/800] 178fcbfb: processed (0.41s)
[60/800] 17b80ad2: processed (1.61s)
[61/800] 17cae0c1: processed (0.24s)
[62/800] 18419cfa: processed (0.42s)
[63/800] 184a9768: processed (1.77s)
[64/800] 195ba7dc: processed (0.01s)
[65/800] 1990f7a8: processed (0.30s)
[66/800] 19bb5feb: processed (0.05s)
[67/800] 1a07d186: processed (0.54s)
[68/800] 1a2e2828: processed (0.04s)
[69/800] 1a6449f1: processed (1.26s)
[70/800] 1acc24af: processed (0.50s)
[71/800] 1b2d62fb: processed (0.01s)
[72/800] 1b60fb0c: processed (0.11s)
[73/800] 1bfc4729: processed (0.27s)
[74/800] 1c02dbbe: processed (0.15s)
[75/800] 1c0d0a4b: processed (0.29s)
[76/800] 1c56ad9f: processed (0.13s)
[77/800] 1c786137: processed (0.55s)
[78/800] 1caeab9d: processed (0.43s)
[79/800] 1cf80156: SOLVED (0.04s)
[80/800] 1d0a4b61: processed (0.21s)
[81/800] 1d398264: processed (0.41s)
[82/800] 1da012fc: processed (0.74s)
[83/800] 1e0a9b12: SOLVED (0.30s)
[84/800] 1e32b0e9: processed (0.46s)
